{
	"framework": {
		"id": null,
		"datetime": "2026-07-22T06:01:52.547Z",
		"pid": 195917,
		"node": "v22.23.1",
		"version": "v3.4.13",
		"platform": "linux",
		"processor": "x64",
		"uptime": 0,
		"memoryTotal": 33.97,
		"memoryUsage": 22.95,
		"memoryRss": 85.8,
		"mode": true,
		"port": "3000",
		"ip": "0.0.0.0",
		"directory": "/home/mcsteann/projects/quick-cm"
	},
	"counter": {
		"resource": 0,
		"controller": 1,
		"module": 0,
		"isomorphic": 0,
		"cache": 0,
		"worker": 0,
		"connection": 0,
		"schedule": 0,
		"helpers": 0,
		"error": 0,
		"problem": 0,
		"queue": 0,
		"files": 1,
		"notfound": 0,
		"streaming": 0,
		"modificator": 0,
		"viewphrases": 0,
		"uptodates": 0,
		"nosqlcleaner": 0,
		"commands": 2,
		"sessions": 0,
		"shortcache": 0
	},
	"routing": {
		"webpage": 4,
		"sitemap": 0,
		"websocket": 0,
		"file": 0,
		"middleware": 0,
		"redirect": 0
	},
	"stats": {
		"error": 0,
		"performance": {
			"request": 0,
			"message": 0,
			"external": 0,
			"file": 0,
			"open": 0,
			"dbrm": 0,
			"dbwm": 0,
			"online": 0,
			"usage": 0,
			"mail": 0
		},
		"other": {
			"websocketPing": 0,
			"websocketCleaner": 0,
			"obsolete": 0,
			"mail": 0
		},
		"request": {
			"request": 0,
			"pending": 0,
			"web": 0,
			"xhr": 0,
			"file": 0,
			"websocket": 0,
			"get": 0,
			"options": 0,
			"head": 0,
			"post": 0,
			"put": 0,
			"patch": 0,
			"upload": 0,
			"schema": 0,
			"operation": 0,
			"blocked": 0,
			"delete": 0,
			"mobile": 0,
			"desktop": 0
		},
		"response": {
			"ddos": 0,
			"view": 0,
			"json": 0,
			"websocket": 0,
			"timeout": 0,
			"custom": 0,
			"binary": 0,
			"pipe": 0,
			"file": 0,
			"image": 0,
			"destroy": 0,
			"stream": 0,
			"streaming": 0,
			"plain": 0,
			"empty": 0,
			"redirect": 0,
			"forward": 0,
			"proxy": 0,
			"notModified": 0,
			"sse": 0,
			"errorBuilder": 0,
			"error400": 0,
			"error401": 0,
			"error403": 0,
			"error404": 0,
			"error408": 0,
			"error409": 0,
			"error431": 0,
			"error500": 0,
			"error501": 0,
			"error503": 0
		}
	},
	"redirects": [],
	"controllers": [
		{
			"name": "invoiceController",
			"usage": null
		}
	],
	"connections": [],
	"modules": [],
	"models": [
		{
			"name": "Invoice",
			"usage": null
		},
		{
			"name": "Merchant",
			"usage": null
		},
		{
			"name": "Product",
			"usage": null
		},
		{
			"name": "index",
			"usage": null
		}
	],
	"sessions": [],
	"cache": [],
	"changes": [],
	"errors": [],
	"files": [
		"$directory-temp"
	],
	"helpers": [],
	"nosqlcleaner": [],
	"other": [],
	"problems": [],
	"resources": [],
	"commands": [
		"reload_preferences",
		"clear_dnscache"
	],
	"streaming": [],
	"uptodates": null,
	"shortcache": []
}